// Jest Snapshot v1, https://goo.gl/fbAQLP

exports[`ChannelList when has a list of channels render the channels 1`] = `
<div
  className="feedcast__channel-list"
>
  <a
    href="/pensando-rpg/episodes"
    onClick={[Function]}
  >
    <div
      className="feedcast__channel"
      id="asdasdadasda"
    >
      <div
        className="feedcast__channel-title"
      >
        <h3>
          Pensando RPG
        </h3>
      </div>
      <div
        className="feedcast__channel-thumbnail"
      >
        <i
          className="fa fa-podcast"
        />
      </div>
      <div
        className="feedcast__channel-overlay"
      />
    </div>
  </a>
  <div
    className="feedcast__pagination feedcast__pagination--pink"
  >
    
  </div>
</div>
`;

exports[`ChannelList when has no data renders the no episode 1`] = `
<div
  className="feedcast__channel-list"
>
  <div
    className="feedcast__pagination feedcast__pagination--pink"
  >
    
  </div>
</div>
`;
