// Jest Snapshot v1, https://goo.gl/fbAQLP

exports[`ChannelEpisodes when has a list of episodes render the category 1`] = `
<div
  className="feedcast__channelEpisodes"
>
  <div
    className="feedcast__channelEpisode"
  >
    <div
      className="feedcast__channelEpisode-button-wrapper"
    >
      <button
        className="feedcast__channelEpisode-play-button"
        onClick={[Function]}
      >
        <i
          className="fa fa-play"
        />
      </button>
    </div>
    <div
      className="feedcast__channelEpisode-info-wrapper"
    >
      <h4>
        Pensando RPG #081 - Entenda a figura do Bruxo (Warlock)
      </h4>
      <button>
        <i
          className="fa fa-ellipsis-h"
        />
      </button>
      <span>
        00:12:40
      </span>
    </div>
  </div>
  <div
    className="feedcast__pagination feedcast__pagination--white"
  >
    
  </div>
</div>
`;

exports[`ChannelEpisodes when has no data renders the no episode 1`] = `
<div
  className="feedcast__channelEpisodes"
>
  <div
    className="feedcast__pagination feedcast__pagination--white"
  >
    
  </div>
</div>
`;
