// Jest Snapshot v1, https://goo.gl/fbAQLP

exports[`EpisodeCardList when has a list of episodes render the category 1`] = `
<div
  className="feedcast__episodes-list"
>
  <div
    className="feedcast__episode-card-wrapper"
  >
    <div
      className="feedcast__episode-card"
      onClick={[Function]}
      style={
        Object {
          "background": "url(http://foo/img.svg)",
        }
      }
    >
      <span
        className="feedcast__episode-duration"
      >
        00:12:40
      </span>
    </div>
    <h3>
      <a
        href="/undefined/pensando-rpg-number-081-entenda-a-figura-do-bruxo-warlock/"
        onClick={[Function]}
      >
        Pensando RPG #081 - Entenda a figura do Bruxo (Warlock)
      </a>
    </h3>
    <h5>
      <a
        href="/undefined/"
        onClick={[Function]}
      />
    </h5>
  </div>
</div>
`;

exports[`EpisodeCardList when has no data renders the no episodes 1`] = `null`;
