// Jest Snapshot v1, https://goo.gl/fbAQLP

exports[`Channel when has a list of channels render the channels 1`] = `null`;

exports[`Channel when has no data renders the no episode 1`] = `null`;
