// Jest Snapshot v1, https://goo.gl/fbAQLP

exports[`Channel when has a list of channels render the channels 1`] = `
<div
  className="feedcast__loader"
>
  <div
    className="feedcast__loader--top"
  />
</div>
`;

exports[`Channel when has no data renders the no episode 1`] = `
<div
  className="feedcast__loader"
>
  <div
    className="feedcast__loader--top"
  />
</div>
`;

exports[`Channel when is fetching renders the loader 1`] = `
<div
  className="feedcast__loader"
>
  <div
    className="feedcast__loader--top"
  />
</div>
`;
